{
  "module_name": [
    "Test"
  ],
  "exports": {
    "types": {},
    "constructors": {},
    "values": {
      "five": {
        "doc_comments": [],
        "doc_position": 0,
        "value_type": {
          "type": "PrimConstructor",
          "data": "Float"
        }
      }
    }
  },
  "types": {},
  "constructors": {},
  "values": {
    "unused": {
      "doc_comments": [],
      "name_span": {
        "start_offset": 48,
        "end_offset": 54
      },
      "expression": {
        "expression": "ForeignVariable",
        "data": {
          "span": {
            "start_offset": 57,
            "end_offset": 68
          },
          "variable_type": {
            "type": "Function",
            "data": {
              "parameters": [
                {
                  "type": "PrimConstructor",
                  "data": "Int"
                }
              ],
              "return_type": {
                "type": "PrimConstructor",
                "data": "Bool"
              }
            }
          },
          "variable": "unused_impl"
        }
      }
    },
    "five": {
      "doc_comments": [],
      "name_span": {
        "start_offset": 28,
        "end_offset": 32
      },
      "expression": {
        "expression": "Float",
        "data": {
          "span": {
            "start_offset": 43,
            "end_offset": 46
          },
          "value": "5.0",
          "value_type": {
            "type": "PrimConstructor",
            "data": "Float"
          }
        }
      }
    }
  },
  "values_toposort": [
    "unused",
    "five"
  ]
}