
  × ditto version requirement not met for current package: current version =
  │ 0.0.0-test, wanted = ^1.0.0

