
  × types don't unify
   ╭─[array_int_alias_error.ditto:4:1]
 4 │ 
 5 │ oops : Ints = [true, false];
   ·               ──────┬──────
   ·                     ╰── here
   ╰────
  help: expected Ints
        got Array(Bool)

