{
  "module_name": [
    "Test"
  ],
  "exports": {
    "types": {},
    "constructors": {},
    "values": {
      "another_five": {
        "doc_comments": [],
        "doc_position": 0,
        "value_type": {
          "type": "PrimConstructor",
          "data": "Int"
        }
      }
    }
  },
  "types": {},
  "constructors": {},
  "values": {
    "another_five": {
      "doc_comments": [],
      "name_span": {
        "start_offset": 50,
        "end_offset": 62
      },
      "expression": {
        "expression": "Call",
        "data": {
          "span": {
            "start_offset": 71,
            "end_offset": 87
          },
          "call_type": {
            "type": "PrimConstructor",
            "data": "Int"
          },
          "function": {
            "expression": "ImportedVariable",
            "data": {
              "span": {
                "start_offset": 71,
                "end_offset": 81
              },
              "variable_type": {
                "type": "Function",
                "data": {
                  "parameters": [
                    {
                      "type": "PrimConstructor",
                      "data": "Int"
                    }
                  ],
                  "return_type": {
                    "type": "PrimConstructor",
                    "data": "Int"
                  }
                }
              },
              "variable": {
                "module_name": [
                  null,
                  [
                    "Foo"
                  ]
                ],
                "value": "identity"
              }
            }
          },
          "arguments": [
            {
              "Expression": {
                "expression": "ImportedVariable",
                "data": {
                  "span": {
                    "start_offset": 82,
                    "end_offset": 86
                  },
                  "variable_type": {
                    "type": "PrimConstructor",
                    "data": "Int"
                  },
                  "variable": {
                    "module_name": [
                      null,
                      [
                        "Foo"
                      ]
                    ],
                    "value": "five"
                  }
                }
              }
            }
          ]
        }
      }
    }
  },
  "values_toposort": [
    "another_five"
  ]
}