
  Ã— package "dep" doesn't support targets: "web"

