<KeywordImport>module</KeywordImport> <Namespace>Test</Namespace> <KeywordImport>exports</KeywordImport> <Bracket>(</Bracket><Symbol>..</Symbol><Bracket>)</Bracket><Delimiter>;</Delimiter>


<TopLevelName>fives</TopLevelName> = <Bracket>[</Bracket><Int>5</Int><Delimiter>,</Delimiter> <Int>5</Int><Delimiter>,</Delimiter> <Int>5</Int><Bracket>]</Bracket><Delimiter>;</Delimiter>

<Keyword>type</Keyword> <Type>ABC</Type> =
    <Delimiter>|</Delimiter> <EnumMember>A</EnumMember>
    <Delimiter>|</Delimiter> <EnumMember>B</EnumMember>
    <Delimiter>|</Delimiter> <EnumMember>C</EnumMember><Delimiter>;</Delimiter>
