<KeywordImport>module</KeywordImport> <Namespace>Test</Namespace> <KeywordImport>exports</KeywordImport> <Bracket>(</Bracket>
    <TopLevelName>five</TopLevelName><Delimiter>,</Delimiter>
<Bracket>)</Bracket><Delimiter>;</Delimiter>


<TopLevelName>five</TopLevelName> = <Int>5</Int><Delimiter>;</Delimiter>
