{
  "module_name": [
    "Test"
  ],
  "exports": {
    "types": {},
    "constructors": {},
    "values": {}
  },
  "types": {},
  "constructors": {},
  "values": {},
  "values_toposort": []
}