{
  "module_name": [
    "Test"
  ],
  "exports": {
    "types": {
      "A": {
        "Type": {
          "doc_comments": [],
          "doc_position": 0,
          "kind": "Type"
        }
      }
    },
    "constructors": {},
    "values": {}
  },
  "types": {
    "A": {
      "Type": {
        "doc_comments": [],
        "type_name_span": {
          "start_offset": 30,
          "end_offset": 31
        },
        "kind": "Type"
      }
    }
  },
  "constructors": {
    "A": {
      "doc_comments": [],
      "doc_position": 0,
      "constructor_name_span": {
        "start_offset": 34,
        "end_offset": 35
      },
      "fields": [],
      "return_type": {
        "type": "Constructor",
        "data": {
          "constructor_kind": "Type",
          "canonical_value": {
            "module_name": [
              null,
              [
                "Test"
              ]
            ],
            "value": "A"
          },
          "source_value": {
            "module_name": null,
            "value": "A"
          }
        }
      },
      "return_type_name": "A"
    }
  },
  "values": {},
  "values_toposort": []
}