{
  "module_name": [
    "Test"
  ],
  "exports": {
    "types": {},
    "constructors": {},
    "values": {
      "example": {
        "doc_comments": [
          "implemented elsewhere"
        ],
        "doc_position": 0,
        "value_type": {
          "type": "Function",
          "data": {
            "parameters": [
              {
                "type": "PrimConstructor",
                "data": "Int"
              },
              {
                "type": "PrimConstructor",
                "data": "Float"
              }
            ],
            "return_type": {
              "type": "PrimConstructor",
              "data": "Unit"
            }
          }
        }
      }
    }
  },
  "types": {},
  "constructors": {},
  "values": {
    "example": {
      "doc_comments": [
        "implemented elsewhere"
      ],
      "name_span": {
        "start_offset": 91,
        "end_offset": 98
      },
      "expression": {
        "expression": "ForeignVariable",
        "data": {
          "span": {
            "start_offset": 101,
            "end_offset": 113
          },
          "variable_type": {
            "type": "Function",
            "data": {
              "parameters": [
                {
                  "type": "PrimConstructor",
                  "data": "Int"
                },
                {
                  "type": "PrimConstructor",
                  "data": "Float"
                }
              ],
              "return_type": {
                "type": "PrimConstructor",
                "data": "Unit"
              }
            }
          },
          "variable": "example_impl"
        }
      }
    }
  },
  "values_toposort": [
    "example"
  ]
}