{
  "module_name": [
    "Test"
  ],
  "exports": {
    "types": {},
    "constructors": {},
    "values": {
      "five": {
        "doc_comments": [],
        "doc_position": 0,
        "value_type": {
          "type": "PrimConstructor",
          "data": "Int"
        }
      }
    }
  },
  "types": {},
  "constructors": {},
  "values": {
    "five": {
      "doc_comments": [],
      "name_span": {
        "start_offset": 46,
        "end_offset": 50
      },
      "expression": {
        "expression": "ImportedVariable",
        "data": {
          "span": {
            "start_offset": 53,
            "end_offset": 62
          },
          "variable_type": {
            "type": "PrimConstructor",
            "data": "Int"
          },
          "variable": {
            "module_name": [
              null,
              [
                "Five"
              ]
            ],
            "value": "five"
          }
        }
      }
    }
  },
  "values_toposort": [
    "five"
  ]
}