{
  "module_name": [
    "Test"
  ],
  "exports": {
    "types": {},
    "constructors": {},
    "values": {
      "five": {
        "doc_comments": [],
        "doc_position": 0,
        "value_type": {
          "type": "PrimConstructor",
          "data": "Int"
        }
      }
    }
  },
  "types": {},
  "constructors": {},
  "values": {
    "five": {
      "doc_comments": [],
      "name_span": {
        "start_offset": 44,
        "end_offset": 48
      },
      "expression": {
        "expression": "Int",
        "data": {
          "span": {
            "start_offset": 51,
            "end_offset": 52
          },
          "value": "5",
          "value_type": {
            "type": "PrimConstructor",
            "data": "Int"
          }
        }
      }
    }
  },
  "values_toposort": [
    "five"
  ]
}